		;Number in hl to decimal ASCII
		;Thanks to z80 Bits
		;inputs:	hl = number to ASCII
		;example: hl=300 outputs '00300'
		;destroys: af, bc, hl, de used
		
009C          	REST	equ $009C
		
0050          	TEMPOD	equ	$50
		
2290          			org	$2290
		
2290  210A00  	INIT:	ld hl, 10
2293  E5      	LOOP:	push hl
2294  DD21E022			ld ix, FIM
2298  CDA622  			call DispHL
229B  C7      			rst 0
229C  CDCF22  			call Timer
229F  E1      			pop hl
22A0  23      			inc hl
22A1  C30000  			jp 0
22A4  18ED    			jr LOOP
		
22A6  01F0D8  	DispHL:	ld bc, -10000
22A9  CDC122  			call Num1
22AC  0118FC  			ld bc, -1000
22AF  CDC122  			call Num1
22B2  019CFF  			ld bc, -100
22B5  CDC122  			call Num1
22B8  01F6FF  			ld bc, -10
22BB  CDC122  			call Num1
22BE  01FFFF  			ld bc, -1
22C1  3E2F    	Num1:	ld a, '0'- 1
22C3  3C      	Num2:	inc a
22C4  09      			add hl, bc
22C5  38FC    			jr c, Num2
22C7  ED42    			sbc hl, bc
22C9  DD7700  			ld (ix), a
22CC  DD2B    			dec ix
22CE  C9      			ret
		
22CF  1650    	Timer:	ld d, TEMPOD
22D1  21DB22  	Timer1:	ld hl, BUFFER
22D4  CD9C00  			call REST
22D7  15      			dec d
22D8  20F7    			jr nz, Timer1
22DA  C9      			ret
		;
22DB  00000000	BUFFER:	db 0, 0, 0, 0, 0
      00
		;
22E0  00      	FIM:	db 0



Statistics:

     4	passes
     0	jr promotions
    11	symbols
    81	bytes



Symbol Table:

buffer          22db     
disphl          22a6     
fim             22e0     
init            2290     
loop            2293     
num1            22c1     
num2            22c3     
rest           =  9c     
tempod         =  50     
timer           22cf     
timer1          22d1     
