			;*************************************************************
			; ACIONA AS PORTAS DE SAÍDA, ALTERNANDO O VALOR ENTRE 0 E 255
			;*************************************************************
			
			;***********************************************************************
				include	"defs.inc"
**** defs.inc ****
**** BLINKLED3.ASM ****
			;***********************************************************************
			
    -	2050          			org	$2050
			
   0+7	2050  3E01    	INIT:	ld a, 1
   7+13	2052  328B20  			ld (DIGIT), a
  20+4	2055  AF      			xor a
  24+10	2056  218E20  	FRS:	ld hl, FRASE
  34+11	2059  D304    	LOOP1:	out (PPS), a
  45+4	205B  3C      			inc a
  49+11	205C  F5      			push af
  60+13	205D  3A8B20  			ld a, (DIGIT)
  73+17	2060  CD7820  			call TIMER
  90+4	2063  17      			rla ; add a, a
  94+7	2064  FE40    			cp 64
 101+7+5	2066  2002    			jr nz, LOOP2
 108+7	2068  3E01    			ld a, 1
 115+13	206A  328B20  	LOOP2:	ld (DIGIT), a
 128+7	206D  7E      			ld a, (hl)
 135+7	206E  FE00    			cp 0 ;and a
 142+7+5	2070  2003    			jr nz, LOOP3
 149+10	2072  F1      			pop af
 159+12	2073  18E1    			jr FRS
 171+10	2075  F1      	LOOP3:	pop af
 181+12	2076  18E1    			jr LOOP1
			
 193+11	2078  F5      	TIMER:	push af
 204+11	2079  D303    			out (PDIG), a
 215+7	207B  7E      			ld a, (hl)
 222+11	207C  D301    			out (PTEC), a
 233+4	207E  D9      			exx
 237+10	207F  118C20  			ld de, DELAY
 247+6	2082  1B      	TIMER1:	dec de
 253+4	2083  7A      			ld a, d
 257+4	2084  B3      			or e
 261+7+5	2085  20FB    			jr nz, TIMER1
 268+4	2087  D9      			exx
 272+6	2088  23      			inc hl
 278+10	2089  F1      			pop af
 288+10	208A  C9      			ret
			
    -	208B  00      	DIGIT:	db	0
    -	208C  18FF    	DELAY:	dw	$FF18
    -	208E  F9A4B099	FRASE:	db	DIG_1, DIG_2, DIG_3, DIG_4, DIG_5, DIG_6, 0
              928200
			
    -	2095          	FIM:



Statistics:

     4	passes
     0	jr promotions
    95	symbols
    69	bytes



Symbol Table:

delay           208c     
dig_0          =  c0     
dig_1          =  f9     
dig_2          =  a4     
dig_3          =  b0     
dig_4          =  99     
dig_5          =  92     
dig_6          =  82     
dig_7          =  f8     
dig_8          =  80     
dig_9          =  90     
dig_a          =  88     
dig_apag       =  ff     
dig_apo        =  fd     
dig_asp        =  dd     
dig_b          =  83     
dig_c          =  a7     
dig_chavd      =  8f     
dig_chave      =  b9     
dig_colchd     =  f0     
dig_colche     =  c6     
dig_crase      =  df     
dig_d          =  a1     
dig_dif        =  e4     
dig_e          =  86     
dig_excl       =  79     
dig_f          =  8e     
dig_g          =  98     
dig_grau       =  9c     
dig_h          =  89     
dig_hm         =  8b     
dig_i          =  cf     
dig_igual      =  b7     
dig_inter      =  ac     
dig_j          =  e1     
dig_l          =  c7     
dig_m          =  c8     
dig_mai        =  bb     
dig_men        =  ef     
dig_menos      =  bf     
dig_n          =  ab     
dig_num        =  94     
dig_o          =  a3     
dig_p          =  8c     
dig_ponto      =  7f     
dig_q          =  98     
dig_r          =  af     
dig_s          =  92     
dig_t          =  87     
dig_u          =  e3     
dig_u_inv      =  dc     
dig_under      =  f7     
dig_upper      =  fe     
dig_v          =  c1     
dig_w          =  81     
dig_y          =  91     
digit           208b     
fim             2095     
frase           208e     
frs             2056     
init            2050     
key_0          =   0     
key_1          =   1     
key_1m         =  12     
key_1p         =  13     
key_2          =   2     
key_3          =   3     
key_4          =   4     
key_5          =   5     
key_6          =   6     
key_7          =   7     
key_8          =   8     
key_9          =   9     
key_a          =   a     
key_b          =   b     
key_c          =   c     
key_d          =   d     
key_e          =   e     
key_er         =  15     
key_f          =   f     
key_iv         =  16     
key_load       =  11     
key_perm       =  10     
key_quad       =  17     
key_run        =  14     
loop1           2059     
loop2           206a     
loop3           2075     
pdig           =   3     
ppe            =   2     
pps            =   4     
pseg           =   1     
ptec           =   1     
timer           2078     
timer1          2082     
