		;******************************************************************************
		; ACIONA AS PORTAS DE SAÍDA, ALTERNANDO O VALOR ENTRE 0 E 255 E EXIBINDO TEXTO
		;******************************************************************************
		
		;***********************************************************************
			include	"defs.inc"
**** defs.inc ****
**** BLINKLED4.ASM ****
		;***********************************************************************
		
002F          	TEMPOC	equ $2F
		
009C          	REST	equ	$009C
		
20A0          			org	$20A0
		
20A0  AF      	INIT:	xor a
20A1  D304    	LOOP:	out (PPS), a
20A3  3C      			inc a
20A4  F5      			push af
20A5  162F    			ld d, TEMPOC
20A7  2AB620  	L2		ld hl, (FRASE)
20AA  CD9C00  			call REST
20AD  15      			dec d
20AE  20F7    			jr nz, L2
20B0  F1      	LOOP2:	pop af
20B1  18EE    			jr LOOP
		
20B3  00      	DIGIT:	db	0
20B4  18FF    	DELAY:	dw	$FF18
		
20B6  F9A4B099	FRASE:	db	DIG_1, DIG_2, DIG_3, DIG_4, DIG_5, DIG_6, 0
      928200
		
20BD          	FIM:



Statistics:

     4	passes
     0	jr promotions
    94	symbols
    29	bytes



Symbol Table:

delay           20b4     
dig_0          =  c0     
dig_1          =  f9     
dig_2          =  a4     
dig_3          =  b0     
dig_4          =  99     
dig_5          =  92     
dig_6          =  82     
dig_7          =  f8     
dig_8          =  80     
dig_9          =  90     
dig_a          =  88     
dig_apag       =  ff     
dig_apo        =  fd     
dig_asp        =  dd     
dig_b          =  83     
dig_c          =  a7     
dig_chavd      =  8f     
dig_chave      =  b9     
dig_colchd     =  f0     
dig_colche     =  c6     
dig_crase      =  df     
dig_d          =  a1     
dig_dif        =  e4     
dig_e          =  86     
dig_excl       =  79     
dig_f          =  8e     
dig_g          =  98     
dig_grau       =  9c     
dig_h          =  89     
dig_hm         =  8b     
dig_i          =  cf     
dig_igual      =  b7     
dig_inter      =  ac     
dig_j          =  e1     
dig_l          =  c7     
dig_m          =  c8     
dig_mai        =  bb     
dig_men        =  ef     
dig_menos      =  bf     
dig_n          =  ab     
dig_num        =  94     
dig_o          =  a3     
dig_p          =  8c     
dig_ponto      =  7f     
dig_q          =  98     
dig_r          =  af     
dig_s          =  92     
dig_t          =  87     
dig_u          =  e3     
dig_u_inv      =  dc     
dig_under      =  f7     
dig_upper      =  fe     
dig_v          =  c1     
dig_w          =  81     
dig_y          =  91     
digit           20b3     
fim             20bd     
frase           20b6     
init            20a0     
key_0          =   0     
key_1          =   1     
key_1m         =  12     
key_1p         =  13     
key_2          =   2     
key_3          =   3     
key_4          =   4     
key_5          =   5     
key_6          =   6     
key_7          =   7     
key_8          =   8     
key_9          =   9     
key_a          =   a     
key_b          =   b     
key_c          =   c     
key_d          =   d     
key_e          =   e     
key_er         =  15     
key_f          =   f     
key_iv         =  16     
key_load       =  11     
key_perm       =  10     
key_quad       =  17     
key_run        =  14     
l2              20a7     
loop            20a1     
loop2           20b0     
pdig           =   3     
ppe            =   2     
pps            =   4     
pseg           =   1     
ptec           =   1     
rest           =  9c     
tempoc         =  2f     
