			;**************************************************************
			;  ACIONA AS PORTAS DE SAÍDA, ALTERNANDO O VALOR ENTRE 0 E 255
			;**************************************************************
			
			;***********************************************************************
			;	include	"defs.inc"
			;***********************************************************************
			;	include	"nestor.inc"
			;***********************************************************************
			
    -	2000          			org	$2000
			
    -	0004          	PPS		equ	4
			
   0+7	2000  3EFF    	INIT:	ld a, $FF
   7+11	2002  D304    			out (PPS), a
  18+17	2004  CD0F20  			call TIMER
  35+4	2007  AF      			xor a
  39+11	2008  D304    			out (PPS), a
  50+17	200A  CD0F20  			call TIMER
  67+12	200D  18F1    			jr INIT
			;
  79+10	200F  11FF00  	TIMER:	ld de, $FF
  89+6	2012  1B      	TIMER1:	dec de
  95+4	2013  7A      			ld a, d
  99+4	2014  B3      			or e
 103+5+6	2015  C8      			ret z
 108+12	2016  18FA    			jr TIMER1
			;
    -	2018          	FIM:



Statistics:

     4	passes
     0	jr promotions
     5	symbols
    24	bytes



Symbol Table:

fim             2018     
init            2000     
pps            =   4     
timer           200f     
timer1          2012     
