		;**************************************************************
		;  ACIONA AS PORTAS DE SAÍDA, ALTERNANDO O VALOR ENTRE 0 E 255
		;**************************************************************
		
		;***********************************************************************
		;	include	"defs.inc"
		;***********************************************************************
		;	include	"nestor.inc"
		;***********************************************************************
		
2000          			org	$2000
		
0004          	PPS		equ	4
		
2000  3EFF    	INIT:	ld a, $FF
2002  D304    			out (PPS), a
2004  CD0F20  			call TIMER
2007  AF      			xor a
2008  D304    			out (PPS), a
200A  CD0F20  			call TIMER
200D  18F1    			jr INIT
		;
200F  11FF00  	TIMER:	ld de, $FF
2012  1B      	TIMER1:	dec de
2013  7A      			ld a, d
2014  B3      			or e
2015  C8      			ret z
2016  18FA    			jr TIMER1
		;
2018          	FIM:



Statistics:

     4	passes
     0	jr promotions
     5	symbols
    24	bytes



Symbol Table:

fim             2018     
init            2000     
pps            =   4     
timer           200f     
timer1          2012     
