		;***************************************************
		;  CONTADOR 0 A 999999 NOS QUINTO E SEXTO DÍGITOS
		;***************************************************
		
0186          	FORMAT	equ $0186
009C          	REST	equ $009C
		
0004          	PPS		equ	4
		
001F          	TEMPOC	equ $1F	;$30	;$10	;$20
0050          	TEMPOD	equ $50
		
0880          			org $0880
		
0880  21F908  	INIC	ld hl,MBD
0883  0606    			ld b,6
0885  36FF    	A1		ld (hl),$FF
0887  23      			inc	hl
0888  10FB    			djnz A1
088A  210009  	A2		ld hl,CNTC
088D  3600    			ld (hl),$00
088F  210109  			ld hl,CNTD
0892  3600    			ld (hl),$00
0894  210209  			ld hl,CNTU
0897  36FF    			ld (hl),$FF
0899  210209  	A3		ld hl,CNTU
089C  34      			inc (hl)
089D  7E      			ld a,(hl)
089E  FE0A    			cp $0A
08A0  C2D408  			jp nz,A6
08A3  3E00    			ld a, $00
08A5  77      			ld (hl), a
08A6  F5      			push af
08A7  210109  			ld hl,CNTD
08AA  34      			inc (hl)
08AB  7E      			ld a,(hl)
08AC  FE0A    			cp $0A
08AE  C2CC08  			jp nz,A5
08B1  3E00    			ld a, $00
08B3  77      			ld (hl), a
08B4  F5      			push af
08B5  210009  			ld hl,CNTC
08B8  34      			inc (hl)
08B9  7E      			ld a,(hl)
08BA  FE0A    			cp $0A
08BC  C2C408  			jp nz,A4
08BF  F1      			pop af
08C0  F1      			pop af
08C1  C3EC08  			jp A9
08C4  CD8601  	A4		call FORMAT
08C7  21FC08  			ld hl,DIG4
08CA  77      			ld (hl),a
08CB  F1      			pop af
08CC  CD8601  	A5		call FORMAT
08CF  21FD08  			ld hl,DIG5
08D2  77      			ld (hl),a
08D3  F1      			pop af
08D4  CD8601  	A6		call FORMAT
08D7  21FE08  			ld hl,DIG6
08DA  77      			ld (hl),a
08DB  161F    			ld d,TEMPOC
08DD  21F908  	A7		ld hl,MBD
08E0  CD9C00  			call REST
08E3  15      			dec	d
08E4  C2DD08  			jp nz,A7
08E7  C39908  			jp A3
08EA  1650    	A8		ld d,TEMPOD
08EC  21F908  	A9		ld hl,MBD
08EF  CD9C00  			call REST
08F2  15      			dec	d
08F3  C2EC08  			jp nz,A9
08F6  C38008  			jp INIC
		
08F9  0000    	MBD		db 0, 0
08FB  00      	DIG3	db 0
08FC  00      	DIG4	db 0
08FD  00      	DIG5	db 0
08FE  00      	DIG6	db 0
		
08FF  00      	CNTM	db 0
0900  00      	CNTC	db 0
0901  00      	CNTD	db 0
0902  00      	CNTU	db 0
		
0903          	FIM:



Statistics:

     4	passes
     0	jr promotions
    25	symbols
   131	bytes



Symbol Table:

a1               885     
a2               88a     
a3               899     
a4               8c4     
a5               8cc     
a6               8d4     
a7               8dd     
a8               8ea     
a9               8ec     
cntc             900     
cntd             901     
cntm             8ff     
cntu             902     
dig3             8fb     
dig4             8fc     
dig5             8fd     
dig6             8fe     
fim              903     
format         = 186     
inic             880     
mbd              8f9     
pps            =   4     
rest           =  9c     
tempoc         =  1f     
tempod         =  50     
