		;************************************************
		;  CONTADOR 0 A 9999 NOS QUINTO E SEXTO DÍGITOS
		;************************************************
		
		;***********************************************************************
			include	"defs.inc"
**** defs.inc ****
**** CN9999.ASM ****
		;***********************************************************************
		
001F          	TEMPOC	equ	$1F ;$30	;$10	;$20
0050          	TEMPOD	equ	$50
		
009C          	REST	equ	$009C
0186          	FORMAT	equ	$0186
		
0800          			org	$0800
		
0800  216F08  	INIC	ld hl, MBD
0803  0606    			ld b, 6
0805  36FF    	A1		ld (hl), $FF
0807  23      			inc hl
0808  10FB    			djnz A1
080A  217608  	A2		ld hl, CNTC
080D  3600    			ld (hl), $00
080F  217708  			ld hl, CNTD
0812  3600    			ld (hl), $00
0814  217808  			ld hl, CNTU
0817  36FF    			ld (hl), $FF
0819  217808  	A3		ld hl, CNTU
081C  34      			inc (hl)
081D  7E      			ld a, (hl)
081E  FE0A    			cp $0A
0820  202C    			jr nz, A6
0822  AF      			xor a
0823  77      			ld (hl), a
0824  F5      			push	af
0825  217708  			ld hl, CNTD
0828  34      			inc (hl)
0829  7E      			ld a, (hl)
082A  FE0A    			cp $0A
082C  2018    			jr nz, A5
082E  AF      			xor a
082F  77      			ld (hl), a
0830  F5      			push af
0831  217608  			ld hl, CNTC
0834  34      			inc (hl)
0835  7E      			ld a, (hl)
0836  FE0A    			cp $0A
0838  2004    			jr nz, A4
083A  F1      			pop af
083B  F1      			pop af
083C  1826    			jr A9
083E  CD8601  	A4		call FORMAT
0841  217208  			ld hl, DIG4
0844  77      			ld (hl), a
0845  F1      			pop af
0846  CD8601  	A5		call FORMAT
0849  217308  			ld hl, DIG5
084C  77      			ld (hl), a
084D  F1      			pop af
084E  CD8601  	A6		call FORMAT
0851  217408  			ld hl, DIG6
0854  77      			ld (hl), a
0855  161F    			ld d, TEMPOC
0857  216F08  	A7		ld hl, MBD
085A  CD9C00  			call REST
085D  15      			dec d
085E  20F7    			jr nz, A7
0860  18B7    			jr A3
0862  1650    	A8		ld d, TEMPOD
0864  216F08  	A9		ld hl, MBD
0867  CD9C00  			call REST
086A  15      			dec d
086B  20F7    			jr nz, A9
086D  1891    			jr INIC
		
086F  0000    	MBD		dw	0
0871  00      	DIG3	db	0
0872  00      	DIG4	db	0
0873  00      	DIG5	db	0
0874  00      	DIG6	db	0
		
0875  00      	CNTM	db	0
0876  00      	CNTC	db	0
0877  00      	CNTD	db	0
0878  00      	CNTU	db	0
		
0879          	FIM:



Statistics:

     4	passes
     0	jr promotions
   108	symbols
   121	bytes



Symbol Table:

a1               805     
a2               80a     
a3               819     
a4               83e     
a5               846     
a6               84e     
a7               857     
a8               862     
a9               864     
cntc             876     
cntd             877     
cntm             875     
cntu             878     
dig3             871     
dig4             872     
dig5             873     
dig6             874     
dig_0          =  c0     
dig_1          =  f9     
dig_2          =  a4     
dig_3          =  b0     
dig_4          =  99     
dig_5          =  92     
dig_6          =  82     
dig_7          =  f8     
dig_8          =  80     
dig_9          =  90     
dig_a          =  88     
dig_apag       =  ff     
dig_apo        =  fd     
dig_asp        =  dd     
dig_b          =  83     
dig_c          =  a7     
dig_chavd      =  8f     
dig_chave      =  b9     
dig_colchd     =  f0     
dig_colche     =  c6     
dig_crase      =  df     
dig_d          =  a1     
dig_dif        =  e4     
dig_e          =  86     
dig_excl       =  79     
dig_f          =  8e     
dig_g          =  98     
dig_grau       =  9c     
dig_h          =  89     
dig_hm         =  8b     
dig_i          =  cf     
dig_igual      =  b7     
dig_inter      =  ac     
dig_j          =  e1     
dig_l          =  c7     
dig_m          =  c8     
dig_mai        =  bb     
dig_men        =  ef     
dig_menos      =  bf     
dig_n          =  ab     
dig_num        =  94     
dig_o          =  a3     
dig_p          =  8c     
dig_ponto      =  7f     
dig_q          =  98     
dig_r          =  af     
dig_s          =  92     
dig_t          =  87     
dig_u          =  e3     
dig_u_inv      =  dc     
dig_under      =  f7     
dig_upper      =  fe     
dig_v          =  c1     
dig_w          =  81     
dig_y          =  91     
fim              879     
format         = 186     
inic             800     
key_0          =   0     
key_1          =   1     
key_1m         =  12     
key_1p         =  13     
key_2          =   2     
key_3          =   3     
key_4          =   4     
key_5          =   5     
key_6          =   6     
key_7          =   7     
key_8          =   8     
key_9          =   9     
key_a          =   a     
key_b          =   b     
key_c          =   c     
key_d          =   d     
key_e          =   e     
key_er         =  15     
key_f          =   f     
key_iv         =  16     
key_load       =  11     
key_perm       =  10     
key_quad       =  17     
key_run        =  14     
mbd              86f     
pdig           =   3     
ppe            =   2     
pps            =   4     
pseg           =   1     
ptec           =   1     
rest           =  9c     
tempoc         =  1f     
tempod         =  50     
