		;****************************************
		;    CONTADOR 0 A 9 NO SEXTO DÍGITO
		;****************************************
		
0186          	FORMAT	equ $0186
009C          	REST	equ $009C
		
0030          	TEMPOC	equ $30	;$10	;$20
		
8000          			org $8000
		
8000  212F80  	INIC	ld hl,MBD
8003  0606    			ld b,6
8005  36FF    	A1		ld (hl),$FF
8007  23      			inc	hl
8008  10FB    			djnz A1
800A  213580  	A2		ld hl,MENCONC
800D  36FF    			ld (hl),$FF
800F  213580  	A4		ld hl,MENCONC
8012  34      			inc (hl)
8013  7E      			ld a,(hl)
8014  FE0A    			cp $0A
8016  CA0A80  			jp z,A2
8019  CD8601  			call FORMAT
801C  213480  			ld hl,DIG6
801F  77      			ld (hl),a
8020  1630    			ld d,TEMPOC
8022  212F80  	A3		ld hl,MBD
8025  CD9C00  			call REST
8028  15      			dec	d
8029  C22280  			jp nz,A3
802C  C30F80  			jp A4
		
802F  00000000	MBD		db 0, 0, 0, 0, 0
      00
8034  00      	DIG6	db 0
8035  00      	MENCONC	db 0



Statistics:

     4	passes
     0	jr promotions
    11	symbols
    54	bytes



Symbol Table:

a1              8005     
a2              800a     
a3              8022     
a4              800f     
dig6            8034     
format         = 186     
inic            8000     
mbd             802f     
menconc         8035     
rest           =  9c     
tempoc         =  30     
