		;************************************************
		;    CONTADOR 0 A 99 NOS QUINTO E SEXTO D͐GITOS
		;************************************************
		
0186          	FORMAT	equ $0186
009C          	REST	equ $009C
		
0030          	TEMPOC	equ $30	;$10	;$20
		
08D0          			org $08D0
		
08D0  211A09  	INIC	ld hl,MBD
08D3  0606    			ld b,6
08D5  36FF    	A1		ld (hl),$FF
08D7  23      			inc	hl
08D8  10FB    			djnz A1
08DA  212009  	A2		ld hl,CNTD
08DD  3600    			ld (hl),$00
08DF  212109  			ld hl,CNTU
08E2  36FF    			ld (hl),$FF
08E4  212109  	A3		ld hl,CNTU
08E7  34      			inc (hl)
08E8  7E      			ld a,(hl)
08E9  FE0A    			cp $0A
08EB  C20409  			jp nz,A4
08EE  3E00    			ld a, $00
08F0  77      			ld (hl), a
08F1  F5      			push af
08F2  212009  			ld hl,CNTD
08F5  34      			inc (hl)
08F6  7E      			ld a,(hl)
08F7  FE0A    			cp $0A
08F9  CAD008  			jp z,INIC
08FC  CD8601  			call FORMAT
08FF  211E09  			ld hl,DIG5
0902  77      			ld (hl),a
0903  F1      			pop af
0904  CD8601  	A4		call FORMAT
0907  211F09  			ld hl,DIG6
090A  77      			ld (hl),a
090B  1630    			ld d,TEMPOC
090D  211A09  	A5		ld hl,MBD
0910  CD9C00  			call REST
0913  15      			dec	d
0914  C20D09  			jp nz,A5
0917  C3E408  			jp A3
		
091A  00000000	MBD		db 0, 0, 0, 0
091E  00      	DIG5	db 0
091F  00      	DIG6	db 0
0920  00      	CNTD	db 0
0921  00      	CNTU	db 0



Statistics:

     4	passes
     0	jr promotions
    14	symbols
    82	bytes



Symbol Table:

a1               8d5     
a2               8da     
a3               8e4     
a4               904     
a5               90d     
cntd             920     
cntu             921     
dig5             91e     
dig6             91f     
format         = 186     
inic             8d0     
mbd              91a     
rest           =  9c     
tempoc         =  30     
