			;***************************************************
			;  EXIBE AMANDA E BIANCA
			;***************************************************
			
			;***********************************************************************
				include	"defs.inc"
**** defs.inc ****
**** FILHAS.ASM ****
			;***********************************************************************
			
    -	002F          	TEMPOC	equ	$2F
			
    -	009C          	REST	equ $009C
			
    -	09B0          			org	$09B0
			
   0+10	09B0  011B00  	INIT:	ld bc, FIM - MENS
  10+11	09B3  C5      			push bc
  21+10	09B4  21D209  			ld hl, MENS
  31+16	09B7  22D009  	L1:		ld (PNT), hl
  47+7	09BA  162F    			ld d, TEMPOC
  54+16	09BC  2AD009  	L2:		ld hl, (PNT)
  70+17	09BF  CD9C00  			call REST
  87+4	09C2  15      			dec d
  91+7+5	09C3  20F7    			jr nz, L2
  98+10	09C5  C1      			pop bc
 108+4	09C6  0D      			dec c
 112+7+5	09C7  28E7    			jr z, INIT
 119+11	09C9  C5      			push bc
 130+16	09CA  2AD009  			ld hl, (PNT)
 146+6	09CD  23      			inc hl
 152+12	09CE  18E7    			jr L1
			;
    -	09D0  0000    	PNT:	dw	0000
			
    -	09D2  FFFFFFFF	MENS:	db	DIG_APAG, DIG_APAG, DIG_APAG, DIG_APAG, DIG_APAG, DIG_APAG	; seis espaços
              FFFF
    -	09D8  88C888AB			db	DIG_A, DIG_M, DIG_A, DIG_N, DIG_D, DIG_A					; Amanda
              A188
    -	09DE  FF86FF  			db	DIG_APAG, DIG_E, DIG_APAG									; e
    -	09E1  83CF88AB			db	DIG_B, DIG_I, DIG_A, DIG_N, DIG_C, DIG_A and 7Fh			; Bianca (com ponto final)
              A708
    -	09E7  FFFFFFFF			db	DIG_APAG, DIG_APAG, DIG_APAG, DIG_APAG, DIG_APAG, DIG_APAG	; seis espaços
              FFFF
			
    -	09ED  00      	FIM:	db	0



Statistics:

     4	passes
     0	jr promotions
    92	symbols
    62	bytes



Symbol Table:

dig_0          =  c0     
dig_1          =  f9     
dig_2          =  a4     
dig_3          =  b0     
dig_4          =  99     
dig_5          =  92     
dig_6          =  82     
dig_7          =  f8     
dig_8          =  80     
dig_9          =  90     
dig_a          =  88     
dig_apag       =  ff     
dig_apo        =  fd     
dig_asp        =  dd     
dig_b          =  83     
dig_c          =  a7     
dig_chavd      =  8f     
dig_chave      =  b9     
dig_colchd     =  f0     
dig_colche     =  c6     
dig_crase      =  df     
dig_d          =  a1     
dig_dif        =  e4     
dig_e          =  86     
dig_excl       =  79     
dig_f          =  8e     
dig_g          =  98     
dig_grau       =  9c     
dig_h          =  89     
dig_hm         =  8b     
dig_i          =  cf     
dig_igual      =  b7     
dig_inter      =  ac     
dig_j          =  e1     
dig_l          =  c7     
dig_m          =  c8     
dig_mai        =  bb     
dig_men        =  ef     
dig_menos      =  bf     
dig_n          =  ab     
dig_num        =  94     
dig_o          =  a3     
dig_p          =  8c     
dig_ponto      =  7f     
dig_q          =  98     
dig_r          =  af     
dig_s          =  92     
dig_t          =  87     
dig_u          =  e3     
dig_u_inv      =  dc     
dig_under      =  f7     
dig_upper      =  fe     
dig_v          =  c1     
dig_w          =  81     
dig_y          =  91     
fim              9ed     
init             9b0     
key_0          =   0     
key_1          =   1     
key_1m         =  12     
key_1p         =  13     
key_2          =   2     
key_3          =   3     
key_4          =   4     
key_5          =   5     
key_6          =   6     
key_7          =   7     
key_8          =   8     
key_9          =   9     
key_a          =   a     
key_b          =   b     
key_c          =   c     
key_d          =   d     
key_e          =   e     
key_er         =  15     
key_f          =   f     
key_iv         =  16     
key_load       =  11     
key_perm       =  10     
key_quad       =  17     
key_run        =  14     
l1               9b7     
l2               9bc     
mens             9d2     
pdig           =   3     
pnt              9d0     
ppe            =   2     
pps            =   4     
pseg           =   1     
ptec           =   1     
rest           =  9c     
tempoc         =  2f     
