		;****************************************
		;    TESTE TERMINAL
		;****************************************
		
0040          	TEMPOC	EQU $40
		
0C50          			ORG $0C50
		
0C50  3E0C    	INIC	LD A, $0C
0C52  D360    			OUT ($60), A
0C54  0600    			LD B,0
0C56  0E00    			LD C,0
0C58  78      	CNT		LD A,B
0C59  C630    			ADD A,$30
0C5B  D360    			OUT ($60), A
0C5D  CDA30C  			CALL DELAY
0C60  04      			INC B
0C61  78      			LD A, B
0C62  FE0A    			CP $0A
0C64  C2580C  			JP NZ, CNT
0C67  0600    			LD B,0
0C69  0C      			INC C
0C6A  79      			LD A,C
0C6B  FE08    			CP $08
0C6D  CA730C  			JP Z, CNT2
0C70  C3580C  			JP CNT
0C73  3E0D    	CNT2	LD A,13
0C75  D360    			OUT ($60), A
0C77  3E0A    			LD A,10
0C79  D360    			OUT ($60), A
0C7B  0600    			LD B,0
0C7D  0E00    			LD C,0
0C7F  78      	CNT3	LD A,B
0C80  C630    			ADD A,$30
0C82  D360    			OUT ($60), A
0C84  3E0D    			LD A,13
0C86  D360    			OUT ($60), A
0C88  3E0A    			LD A,10
0C8A  D360    			OUT ($60), A
0C8C  CDA30C  			CALL DELAY
0C8F  04      			INC B
0C90  78      			LD A, B
0C91  FE0A    			CP $0A
0C93  C27F0C  			JP NZ, CNT3
0C96  0600    			LD B,0
0C98  0C      			INC C
0C99  79      			LD A,C
0C9A  FE04    			CP $04
0C9C  CAA20C  			JP Z, DONE
0C9F  C37F0C  			JP CNT3
0CA2  76      	DONE	HALT
		
0CA3  C5      	DELAY	PUSH BC			; save BC
0CA4  0640    			LD B,TEMPOC		; start of delay
0CA6  CDAB0C  			CALL DELAY1
0CA9  C1      			POP BC			; restore BC
0CAA  C9      			RET
		
0CAB  0EFF    	DELAY1	LD C,$FF		; fill c too with max delay
0CAD  0D      	DELAY2	DEC C			; decrement c
0CAE  C2AD0C  			JP NZ,DELAY2
0CB1  05      			DEC B			; c is empty...
0CB2  C2AB0C  			JP NZ,DELAY1	; do c again
0CB5  C9      			RET				; return



Statistics:

     4	passes
     0	jr promotions
     9	symbols
   102	bytes



Symbol Table:

cnt              c58     
cnt2             c73     
cnt3             c7f     
delay            ca3     
delay1           cab     
delay2           cad     
done             ca2     
inic             c50     
tempoc         =  40     
