			;****************************************
			;    TESTE TERMINAL
			;****************************************
			
    -	0040          	TEMPOC	equ	$40
			
    -	0C00          		org	$0C00
			
   0+7	0C00  3E20    	INIC	LD A, $20
   7+13	0C02  32430C  		LD (CHR),A
  20+7	0C05  3E0C    	RESET	LD A, $0C
  27+11	0C07  D360    		OUT ($60), A
  38+7	0C09  0600    		LD B,0
  45+4	0C0B  04      	CNT	INC B
  49+4	0C0C  78      		LD A, B
  53+7	0C0D  FE50    		CP $50
  60+10	0C0F  C21C0C  		JP NZ, CN1
  70+7	0C12  0600    		LD B,0
  77+7	0C14  3E0D    		LD A,$0D
  84+11	0C16  D360    		OUT ($60), A
  95+7	0C18  3E0A    		LD A,$0A
 102+11	0C1A  D360    		OUT ($60), A
 113+13	0C1C  3A430C  	CN1	LD A,(CHR)
 126+11	0C1F  D360    		OUT ($60), A
 137+4	0C21  3C      		INC A
 141+7	0C22  FEFF    		CP $FF
 148+10	0C24  CA000C  		JP Z, INIC
 158+13	0C27  32430C  		LD (CHR),A
 171+17	0C2A  CD300C  		CALL DELAY
 188+10	0C2D  C30B0C  		JP CNT
			
 198+11	0C30  C5      	DELAY	push	bc		; save BC
 209+7	0C31  0640    		ld	b,TEMPOC	; start of delay
 216+17	0C33  CD380C  		call	DELAY1
 233+10	0C36  C1      		pop	bc		; restore BC
 243+10	0C37  C9      		ret
 253+7	0C38  0EFF    	DELAY1	ld	c,$ff		; fill c too with max delay
 260+4	0C3A  0D      	DELAY2	dec	c		; decrement c
 264+10	0C3B  C23A0C  		jp	nz,DELAY2
 274+4	0C3E  05      		dec	b		; c is empty...
 278+10	0C3F  C2380C  		jp	nz,DELAY1	; do c again
 288+10	0C42  C9      		ret			; retorna
			
    -	0C43  00      	CHR	DB 0



Statistics:

     4	passes
     0	jr promotions
     9	symbols
    68	bytes



Symbol Table:

chr              c43     
cn1              c1c     
cnt              c0b     
delay            c30     
delay1           c38     
delay2           c3a     
inic             c00     
reset            c05     
tempoc         =  40     
