AS80 Assembler for i8080-Z180 [1.09].  Copyright 1994-95, Frank A. Vorstenbosch                                                                                           Page    1
---------------------------------------------------------------------------------- CN999999.ASM -----------------------------------------------------------------------------------

82 lines read, no errors in pass 1.
                        ;***************************************************
                        ;  CONTADOR 0 A 999999 NOS QUINTO E SEXTO DÍGITOS
                        ;***************************************************
                        
                        ;include "NESTORNE.INC"
                        
0186 =                  FORMAT	equ $0186
009c =                  REST	equ $009C
001f =                  TEMPOC	equ $1F	;$30	;$10	;$20
0050 =                  TEMPOD	equ $50
                        
0800 =                  		org $0800
                        
0800 : 217908           INIC	ld hl,MBD
0803 : 0606             		ld b,6
0805 : 36ff             A1		ld (hl),$FF
0807 : 23               		inc	hl
0808 : 10fb             		djnz A1
080a : 218008           A2		ld hl,CNTC
080d : 3600             		ld (hl),$00
080f : 218108           		ld hl,CNTD
0812 : 3600             		ld (hl),$00
0814 : 218208           		ld hl,CNTU
0817 : 36ff             		ld (hl),$FF
0819 : 218208           A3		ld hl,CNTU
081c : 34               		inc (hl)
081d : 7e               		ld a,(hl)
081e : fe0a             		cp $0A
0820 : c25408           		jp nz,A6
0823 : 3e00             		ld a, $00
0825 : 77               		ld (hl), a
0826 : f5               		push af
0827 : 218108           		ld hl,CNTD
082a : 34               		inc (hl)
082b : 7e               		ld a,(hl)
082c : fe0a             		cp $0A
082e : c24c08           		jp nz,A5
0831 : 3e00             		ld a, $00
0833 : 77               		ld (hl), a
0834 : f5               		push af
0835 : 218008           		ld hl,CNTC
0838 : 34               		inc (hl)
0839 : 7e               		ld a,(hl)
083a : fe0a             		cp $0A
083c : c24408           		jp nz,A4
083f : f1               		pop af
0840 : f1               		pop af
0841 : c36c08           		jp A9
0844 : cd8601           A4		call FORMAT
0847 : 217c08           		ld hl,DIG4
084a : 77               		ld (hl),a
084b : f1               		pop af
084c : cd8601           A5		call FORMAT
084f : 217d08           		ld hl,DIG5
0852 : 77               		ld (hl),a
0853 : f1               		pop af
0854 : cd8601           A6		call FORMAT
0857 : 217e08           		ld hl,DIG6
085a : 77               		ld (hl),a
085b : 161f             		ld d,TEMPOC
085d : 217908           A7		ld hl,MBD
AS80 Assembler for i8080-Z180 [1.09].  Copyright 1994-95, Frank A. Vorstenbosch                                                                                           Page    2
---------------------------------------------------------------------------------- CN999999.ASM -----------------------------------------------------------------------------------

0860 : cd9c00           		call REST
0863 : 15               		dec	d
0864 : c25d08           		jp nz,A7
0867 : c31908           		jp A3
086a : 1650             A8		ld d,TEMPOD
086c : 217908           A9		ld hl,MBD
086f : cd9c00           		call REST
0872 : 15               		dec	d
0873 : c26c08           		jp nz,A9
0876 : c30008           		jp INIC
                        
0879 : 0000             MBD		db 0, 0
087b : 00               DIG3	db 0
087c : 00               DIG4	db 0
087d : 00               DIG5	db 0
087e : 00               DIG6	db 0
                        
087f : 00               CNTM	db 0
0880 : 00               CNTC	db 0
0881 : 00               CNTD	db 0
0882 : 00               CNTU	db 0
No errors in pass 2.
