AS80 Assembler for i8080-Z180 [1.09].  Copyright 1994-95, Frank A. Vorstenbosch                                                                                           Page    1
----------------------------------------------------------------------------------- CONT09.ASM ------------------------------------------------------------------------------------

37 lines read, no errors in pass 1.
                        ;****************************************
                        ;    CONTADOR 0 A 9 NO SEXTO DÍGITO
                        ;****************************************
                        
                        ;include "NESTORNE.INC"
                        
0186 =                  FORMAT	equ $0186
009c =                  REST	equ $009C
0030 =                  TEMPOC	equ $30	;$10	;$20
                        
0800 =                  		org $0800
                        
0800 : 212f08           INIC	ld hl,MBD
0803 : 0606             		ld b,6
0805 : 36ff             A1		ld (hl),$FF
0807 : 23               		inc	hl
0808 : 10fb             		djnz A1
080a : 213508           A2		ld hl,MENCONC
080d : 36ff             		ld (hl),$FF
080f : 213508           A4		ld hl,MENCONC
0812 : 34               		inc (hl)
0813 : 7e               		ld a,(hl)
0814 : fe0a             		cp $0A
0816 : ca0a08           		jp z,A2
0819 : cd8601           		call FORMAT
081c : 213408           		ld hl,DIG6
081f : 77               		ld (hl),a
0820 : 1630             		ld d,TEMPOC
0822 : 212f08           A3		ld hl,MBD
0825 : cd9c00           		call REST
0828 : 15               		dec	d
0829 : c22208           		jp nz,A3
082c : c30f08           		jp A4
                        
082f : 0000000000       MBD		db 0, 0, 0, 0, 0
0834 : 00               DIG6	db 0
0835 : 00               MENCONC	db 0
No errors in pass 2.
