AS80 Assembler for i8080-Z180 [1.09].  Copyright 1994-95, Frank A. Vorstenbosch                                                                                           Page    1
----------------------------------------------------------------------------------- CONT099.ASM -----------------------------------------------------------------------------------

53 lines read, no errors in pass 1.
                        ;************************************************
                        ;    CONTADOR 0 A 99 NOS QUINTO E SEXTO D͐GITOS
                        ;************************************************
                        
                        ;include "NESTORNE.INC"
                        
0186 =                  FORMAT	equ $0186
009c =                  REST	equ $009C
0030 =                  TEMPOC	equ $30	;$10	;$20
                        
0800 =                  		org $0800
                        
0800 : 214a08           INIC	ld hl,MBD
0803 : 0606             		ld b,6
0805 : 36ff             A1		ld (hl),$FF
0807 : 23               		inc	hl
0808 : 10fb             		djnz A1
080a : 215008           A2		ld hl,CNTD
080d : 3600             		ld (hl),$00
080f : 215108           		ld hl,CNTU
0812 : 36ff             		ld (hl),$FF
0814 : 215108           A3		ld hl,CNTU
0817 : 34               		inc (hl)
0818 : 7e               		ld a,(hl)
0819 : fe0a             		cp $0A
081b : c23408           		jp nz,A4
081e : 3e00             		ld a, $00
0820 : 77               		ld (hl), a
0821 : f5               		push af
0822 : 215008           		ld hl,CNTD
0825 : 34               		inc (hl)
0826 : 7e               		ld a,(hl)
0827 : fe0a             		cp $0A
0829 : ca0008           		jp z,INIC
082c : cd8601           		call FORMAT
082f : 214e08           		ld hl,DIG5
0832 : 77               		ld (hl),a
0833 : f1               		pop af
0834 : cd8601           A4		call FORMAT
0837 : 214f08           		ld hl,DIG6
083a : 77               		ld (hl),a
083b : 1630             		ld d,TEMPOC
083d : 214a08           A5		ld hl,MBD
0840 : cd9c00           		call REST
0843 : 15               		dec	d
0844 : c23d08           		jp nz,A5
0847 : c31408           		jp A3
                        
084a : 00000000         MBD		db 0, 0, 0, 0
084e : 00               DIG5	db 0
084f : 00               DIG6	db 0
0850 : 00               CNTD	db 0
0851 : 00               CNTU	db 0
No errors in pass 2.
