AS80 Assembler for i8080-Z180 [1.09].  Copyright 1994-95, Frank A. Vorstenbosch                                                                                           Page    1
---------------------------------------------------------------------------------- TERMINAL.ASM -----------------------------------------------------------------------------------

44 lines read, no errors in pass 1.
                        ;****************************************
                        ;    TESTE TERMINAL
                        ;****************************************
                        
0040 =                  TEMPOC	equ	$40
                        
0b00 =                  	org	$0B00
                        
0b00 : 3e20             INIC	LD A, $20
0b02 : 32430b           	LD (CHR),A
0b05 : 3e0c             RESET	LD A, $0C
0b07 : d360             	OUT ($60), A
0b09 : 0600             	LD B,0
0b0b : 04               CNT	INC B
0b0c : 78               	LD A, B
0b0d : fe50             	CP $50
0b0f : c21c0b           	JP NZ, CN1
0b12 : 0600             	LD B,0
0b14 : 3e0d             	LD A,$0D
0b16 : d360             	OUT ($60), A
0b18 : 3e0a             	LD A,$0A
0b1a : d360             	OUT ($60), A
0b1c : 3a430b           CN1	LD A,(CHR)
0b1f : d360             	OUT ($60), A
0b21 : 3c               	INC A
0b22 : feff             	CP $FF
0b24 : ca000b           	JP Z, INIC
0b27 : 32430b           	LD (CHR),A
0b2a : cd300b           	CALL DELAY
0b2d : c30b0b           	JP CNT
                        
0b30 : c5               DELAY	push	bc		; save BC
0b31 : 0640             	ld	b,TEMPOC	; start of delay
0b33 : cd380b           	call	DELAY1
0b36 : c1               	pop	bc		; restore BC
0b37 : c9               	ret
0b38 : 0eff             DELAY1	ld	c,$ff		; fill c too with max delay
0b3a : 0d               DELAY2	dec	c		; decrement c
0b3b : c23a0b           	jp	nz,DELAY2
0b3e : 05               	dec	b		; c is empty...
0b3f : c2380b           	jp	nz,DELAY1	; do c again
0b42 : c9               	ret			; retorna
                        
0b43 : 00               CHR	DB 0
No errors in pass 2.
